
> build
> vite build

[36mvite v7.3.1 [32mbuilding client environment for production...[36m[39m
transforming...
[32mΓ£ô[39m 1 modules transformed.
node.exe : 
[31mΓ£ù[39m Build 
failed in 34ms
At line:1 char:1
+ & "C:\Program 
Files\nodejs/node.exe" 
"C:\Program 
Files\nodejs/node_mo 
...
+ ~~~~~~~~~~~~~~~~~~~~~
~~~~~~~~~~~~~~~~~~~~~~~
~~~~~~~~~~~~~~~~~~~~~~~
~~
    + CategoryInfo     
         : 
NotSpecified: ([3    
1mΓ£ù[39m Build faile 
   d in 34ms:String) 
[],     RemoteException
    + 
FullyQualifiedErrorI   
 d : NativeCommandError
 
[31merror during 
build:
[31mCould not resolve 
entry module "resources
/css/app.css".[31m
    at getRollupError (
file:///C:/Users/Acer/u
niversityDiningCenter/n
ode_modules/rollup/dist
/es/shared/parseAst.js:
401:41)
    at error (file:///C
:/Users/Acer/university
DiningCenter/node_modul
es/rollup/dist/es/share
d/parseAst.js:397:42)
    at ModuleLoader.loa
dEntryModule (file:///C
:/Users/Acer/university
DiningCenter/node_modul
es/rollup/dist/es/share
d/node-entry.js:21731:2
0)
    at async 
Promise.all (index 
0)[39m
